# Map file created from WebSig

MAP
    NAME "demo"
    # Map image size
    MAXSIZE 2600
    SIZE 400 400
    UNITS meters
    CONFIG "MS_ERRORFILE" "/var/www/websig1/data/mapserver.log"
    DEBUG off
    
    
    EXTENT -20037508.34 -20037508.34 20037508.34 20037508.34
    FONTSET '/var/www/websig1/data/mapfile/fonts/fonts.list'
    SYMBOLSET '/var/www/websig1/data/mapfile/symbols/symbols.txt'
    PROJECTION
                'init=epsg:900913'
        END
    # Background color for the map canvas -- change as desired
    IMAGECOLOR 255 255 255
    IMAGETYPE PNG

    # OUTPUTFORMAT
    #  NAME agg
    #  DRIVER AGG/PNG
    #  IMAGEMODE RGB
    # END

    # Legend
    LEGEND
        IMAGECOLOR 255 255 255
        KEYSIZE 20 15
        KEYSPACING 5 5
                
        POSITION lr
        POSTLABELCACHE false
        STATUS on
        TEMPLATE '/var/www/websig1/data/mapfile/template/shape_legend_body.html'

            
    END
      
    # Web interface definition. Only the template parameter
    # is required to display a map. See MapServer documentation
    WEB
        # Set IMAGEPATH to the path where MapServer should
        # write its output.
        IMAGEPATH '/tmp/'

        # Set IMAGEURL to the url that points to IMAGEPATH
        # as defined in your web server configuration
        IMAGEURL '/tmp/'

                # WMS server settings
        METADATA
                    'wms_encoding' 'UTF8'
                    'wms_title' 'Concelhos'
                    'wms_abstract' 'No info'
                    'wms_srs' 'EPSG:20790 EPSG:900913 EPSG:4326'
                    'wms_onlineresource' 'mapserver?map=demo.map'
                    'ows_enable_request' '*'
                    'wms_feature_info_mime_type' 'text/html'
                  END
        
        #Scale range at which web interface will operate
        # Template and header/footer settings
        # Only the template parameter is required to display a map. See MapServer documentation
        # TEMPLATE '.'
    END

        LAYER
        NAME 'layer1'
        STATUS on
        TYPE point
                        
        DATA "/var/www/websig1/data/mapfile/shapefile/map1.shp"
        EXTENT -13207.017577 49518.222243 452964.525460 291327.263653
        PROJECTION
                            'proj=tmerc'
                    'lat_0=39.66666666666666'
                    'lon_0=1'
                    'k=1'
                    'x_0=200000'
                    'y_0=300000'
                    'ellps=intl'
                    'towgs84=-304.046,-60.576,103.64,0,0,0,0'
                    'pm=lisbon'
                    'units=m'
                    'no_defs'
        
        END        
        LABELITEM "concelho"
        DUMP true
        OPACITY 100
        TEMPLATE "/var/www/websig1/data/mapfile/template/shape_feature_body.html"
        METADATA
                    'gml_include_items' 'all'
                    'ows_srs' 'EPSG:900913'
                  END

        
        CLASS
           NAME 'Concelhos'
           STATUS on
           DEBUG off
           
           
            STYLE
                ANGLE AUTO
                ANTIALIAS false
                BACKGROUNDCOLOR 255 255 255
                COLOR 0 255 0
                GAP 0
                                LINECAP round
                LINEJOIN round
                LINEJOINMAXSIZE 3
                MAXSIZE 500
                MAXWIDTH 32
                MINSIZE 0
                MINWIDTH 0
                OFFSET 0 0
                OPACITY 100
                OUTLINECOLOR 210 210 210
                PATTERN 1 0 END
                SIZE 30
                SYMBOL '/var/www/websig1/data/mapfile/symbols/google-marker-small.png'                
                WIDTH 1
            END  

               
            LABEL
                ALIGN left
                ANGLE auto
                ANTIALIAS true
                BUFFER 0
                COLOR 30 30 30
                ENCODING 'UTF-8'
                FONT 'arial'
                FORCE false
                MAXLENGTH 0
                MAXOVERLAPANGLE 22.5
                MAXSIZE 256
                MINDISTANCE 10
                MINFEATURESIZE auto
                MINSIZE 4
                OFFSET 0 0
                OUTLINECOLOR 255 255 255
                OUTLINEWIDTH 1
                
                PARTIALS false
                POSITION auto
                PRIORITY 1
                
                                
                SIZE 9
                TYPE truetype
                
                
            END

        END
    
    END

END

